Open source System Monitoring System (SMS) - Zabbix 설치편

root@zabbix:~# apt-get install zabbix-frontend-php zabbix-server-mysql zabbix-agent



 MySQL-Server의 root 암호를 설정한다.


 MySQL-Server에 Zabbix 서비스를 위한 DB생성을 위한 MySQL-Server의 root 암호를 입력한다.

 MySQL-Server의 Zabbix 서비스를 위한 DB의 접근 암호를 설정한다.


  Zabbix-Frontend 프로그램에서 MySQL서버의 Zabbix 서비스 관련 DB에 접속하기 위한
암호를 입력한다. 위 암호는 Zabbix DB를 생성할 때 입력한 암호와 일치하여야 합니다.





  이제 인터넷 탐색기를 실행하여 Zabbix-Frontend 웹페이지 접속을 시도합니다.


  처음 접속시 아래와 같이 date.timezone 설정에 관련한 오류가 발생합니다.


  상기 에러를 처리을 위하여 “/etc/php5/apache2/php.ini”파일을 수정합니다.

root@zabbix:~# vim /etc/php5/apache2/php.ini
:set nu
    949 [Date]
    950 ; Defines the default timezone used by the date functions
    951 ; http://php.net/date.timezone
    952 date.timezone = Asia/Seoul
    953
:x
root@zabbix:~# service apache2 restart
Restarting web server: apache2apache2: apr_sockaddr_info_get() failed for zabbix
apache2: Could not reliably determine the server's fully qualified domain name, using 127.0.0.1 for ServerName
 ... waiting apache2: Could not reliably determine the server's fully qualified domain name, using 61.78.35.200 for ServerName
.
  Apache2 서비스 재시작시 사소한 에러메세지가 출력되는 것은 Apache2 서비스 설정의 오류로 발생하는 문제이기 때문에 Apache2 설정을 수정하시면 됩니다. 본 서비스를 수행에는 전혀 문제되지 않기 때문에 그냥 넘기도록 합니다.


  문제가 깨끗하게 해결되었으므로 Zabbix-Frontend 기본 접속정보 (id : admin, pw : zabbix)를 사용하여 로그인 하도록 합니다.


  로그인에 성공하면 위 그림과 같은 환영메시지를 만나실 수 있습니다.


  “Monitoring -> Dashboard” 탭을 클릭하면 그림과 같이 php.ini에 추가적인 설정이 필요함을 알 수 있다.
root@zabbix:/# vim /etc/php5/apache2/php.ini
:set nu
    433 ;;;;;;;;;;;;;;;;;;;
    434 ; Resource Limits ;
    435 ;;;;;;;;;;;;;;;;;;;
    436
    437 ; Maximum execution time of each script, in seconds
    438 ; http://php.net/max-execution-time
    439 ; Note: This directive is hardcoded to 0 for the CLI SAPI
    440 max_execution_time = 300
    441
    442 ; Maximum amount of time each script may spend parsing request data. It's a good
    443 ; idea to limit this time on productions servers in order to eliminate unexpectedly
    444 ; long running scripts.
    445 ; Note: This directive is hardcoded to -1 for the CLI SAPI
    446 ; Default Value: -1 (Unlimited)
    447 ; Development Value: 60 (60 seconds)
    448 ; Production Value: 60 (60 seconds)
    449 ; http://php.net/max-input-time
    450 max_input_time = 300
     .
     .
    729 ; Maximum size of POST data that PHP will accept.
    730 ; http://php.net/post-max-size
    731 post_max_size = 16M
 :x
root@zabbix:/# service apache2 restart

  오류가 완벽하게 해결 되었다면 위 그림과 같이 출력됩니다.


 1대의 호스트가 등록되어 있지만 모니터링 되지 않고 있음을 알 수 있습니다. “Configuration -> Hosts” 탭으로 이동하여 해당 호스트를 모니터링 하도록 변경해 보도록 하겠습니다.

“Not Monitored” 링크를 한번 클릭하여 “Monitored”로 변경하면 아래 그림과 같이 Zabbix Agent에 의한 모니터링이 활성화 됨을 확인할 수 있습니다.




  “Monitoring -> Screens” 탭을 클릭하면 그림과 같이 ‘Zabbix Server’에 대한 모니터링 결과 값이 그래프로 출력됨을 확인 할 수 있습니다.

  Zabbix-Frontend의 기본 설정 언어는 영어이나 한국어로 변경할 수 있습니다.
아래 그림과 같이 페이지의 우측 상단에 “Profile”를 클릭합니다.


  “Language”값을 ‘Korean(KO)’로 변경하고 “Save”버튼을 클릭합니다.


  설정 언어를 한국어로 변경하면 아래 그림과 같이 그래프 화면에서 한글표시 부분이 알 수 없는 이상한 문자로 보여지는 현상이 발생하는데 이는 한글폰트가 설치되어 있지 않기 때문에 발생하는 것으로 아래 절차에 따라 한글폰트를 설치하도록 합니다.

root@zabbix:/# apt-get install ttf-baekmuk   # 백묵폰트를 설치한다. (다른 폰트를 이용하여도 관계없다.)
root@zabbix:/# ls -l /usr/share/fonts/truetype/baekmuk/
total 27976
-rw-r--r-- 1 root root 13939436 May  3  2010 batang.ttf
-rw-r--r-- 1 root root  3066060 May  3  2010 dotum.ttf
-rw-r--r-- 1 root root 10385096 May  3  2010 gulim.ttf
-rw-r--r-- 1 root root  1203464 May  3  2010 hline.ttf

  4개의 트루타입 한글폰트가 설치되었습니다. gulim.ttf를 사용하기로 합니다. 
먼저 현재 사용중이 폰트 이름을 다름 이름으로 변경하도록 합니다.

root@zabbix:/# cd /usr/share/zabbix/fonts/
root@zabbix:/usr/share/zabbix/fonts# ls
DejaVuSans.ttf
root@zabbix:/usr/share/zabbix/fonts# mv DejaVuSans.ttf DejaVuSans.ttf.old
root@zabbix:/usr/share/zabbix/fonts# ls
DejaVuSans.ttf.old
root@zabbix:/usr/share/zabbix/fonts# cp /usr/share/fonts/truetype/baekmuk /gulim.ttf /usr/share/zabbix/fonts/DejaVuSans.ttf

  이제 웹페이지를 새로고침 하시면 아래 그림과 같이 한글이 잘 표시됨을 확인하실 수 있습니다.

 php 언어를 잘 이해하고 있다면, “/usr/share/zabbix/include/defines.inc.php” 파일의 변수 값을 수정하시면 됩니다.
